7261 distinct concept_ids touched by this pipeline
24872 real SNOMED relationship triples (both endpoints touched)

gathering this project's own true-positive records for extrinsic eval...
Loading SapBERT model for vector normalization... (this may take a moment)
457 TP records (auto-tier, gold-confirmed correct, >=2 real candidates)

train: 22384  test (held out): 2488
vocab: 7254 entities, 104 relation types

training TransE...
  epoch 1/50  mean loss 0.4176
  epoch 11/50  mean loss 0.0279
  epoch 21/50  mean loss 0.0225
  epoch 31/50  mean loss 0.0219
  epoch 41/50  mean loss 0.0202
  epoch 50/50  mean loss 0.0209

--- intrinsic evaluation (standard KGE protocol, RAW setting) ---
{
  "mrr": 0.7678719540764295,
  "hits_at_10": 0.9085,
  "n_evaluated": 2000
}

--- extrinsic evaluation (this project's own TP records) ---
{
  "n_tp_records_provided": 457,
  "n_usable_records": 457,
  "n_comparisons": 1623,
  "frac_wrong_candidate_closer_than_random": 0.7017868145409735
}

results written to /home/ec2-user/clinical_neuro_symbolic_pipeline_reorder/logs/kg_embedding_results.json
