Loading SapBERT model for vector normalization... (this may take a moment)
calibrator: fitted

=== Fresh-5 original (2026-08-30) ===
[Fresh-5 original (2026-08-30) 1/5] 13397956-DS-5: 64 total, 64 already decided, 0 remaining -- NO cap, processing all of them
[Fresh-5 original (2026-08-30) 2/5] 17739994-DS-31: 77 total, 77 already decided, 0 remaining -- NO cap, processing all of them
[Fresh-5 original (2026-08-30) 3/5] 16410990-DS-12: 39 total, 39 already decided, 0 remaining -- NO cap, processing all of them
[Fresh-5 original (2026-08-30) 4/5] 16795604-DS-17: 116 total, 116 already decided, 0 remaining -- NO cap, processing all of them
[Fresh-5 original (2026-08-30) 5/5] 17309807-DS-20: 77 total, 77 already decided, 0 remaining -- NO cap, processing all of them

=== Fresh-5 gazetteer (2026-08-31) ===
[Fresh-5 gazetteer (2026-08-31) 1/5] 15285988-DS-7: 68 total, 30 already decided, 38 remaining -- NO cap, processing all of them
  [2.6m] 10 processed so far (0 errors)...
  [3.6m] 20 processed so far (0 errors)...
  [5.9m] 30 processed so far (0 errors)...
[Fresh-5 gazetteer (2026-08-31) 2/5] 15906604-DS-2: 103 total, 30 already decided, 73 remaining -- NO cap, processing all of them
  [6.4m] 40 processed so far (0 errors)...
  [7.1m] 50 processed so far (0 errors)...
  [9.6m] 60 processed so far (0 errors)...
  [10.9m] 70 processed so far (0 errors)...
  [12.0m] 80 processed so far (0 errors)...
  [12.7m] 90 processed so far (0 errors)...
  [14.2m] 100 processed so far (0 errors)...
  [15.2m] 110 processed so far (0 errors)...
[Fresh-5 gazetteer (2026-08-31) 3/5] 14809657-DS-15: 73 total, 30 already decided, 43 remaining -- NO cap, processing all of them
  [16.3m] 120 processed so far (0 errors)...
  [17.6m] 130 processed so far (0 errors)...
  [19.2m] 140 processed so far (0 errors)...
  [20.6m] 150 processed so far (0 errors)...
[Fresh-5 gazetteer (2026-08-31) 4/5] 19015466-DS-9: 70 total, 30 already decided, 40 remaining -- NO cap, processing all of them
  [21.0m] 160 processed so far (0 errors)...
  [21.8m] 170 processed so far (0 errors)...
  [23.2m] 180 processed so far (0 errors)...
  [24.5m] 190 processed so far (0 errors)...
[Fresh-5 gazetteer (2026-08-31) 5/5] 19884924-DS-14: 97 total, 30 already decided, 67 remaining -- NO cap, processing all of them
  [26.1m] 200 processed so far (0 errors)...
  [28.4m] 210 processed so far (0 errors)...
  [29.6m] 220 processed so far (0 errors)...
  [30.4m] 230 processed so far (0 errors)...
  [31.2m] 240 processed so far (0 errors)...
  [32.5m] 250 processed so far (0 errors)...
  [33.9m] 260 processed so far (0 errors)...

done: 261 processed, 0 errors, 34.1 min total
