CNSP_GLINER_GAZETTEER_FALLBACK active: True
already extracted (should be none): []
Loading GLiNER-BioMed model... (this may take a moment on the first run)
Fetching 12 files:   0%|          | 0/12 [00:00<?, ?it/s]Fetching 12 files: 100%|██████████| 12/12 [00:00<00:00, 2389.01it/s]
Loading GLiNER-relex model... (this may take a moment on the first run)
Fetching 10 files:   0%|          | 0/10 [00:00<?, ?it/s]Fetching 10 files: 100%|██████████| 10/10 [00:00<00:00, 2471.89it/s]
Loading SapBERT model for vector normalization... (this may take a moment)
  running full pipeline for 15285988-DS-7 (5163 chars)...
Asking to truncate to max_length but no maximum length is provided and the model has no predefined maximum length. Default to no truncation.
Asking to truncate to max_length but no maximum length is provided and the model has no predefined maximum length. Default to no truncation.
  done in 3.7 min -- 0/83 entities from the gazetteer fallback
  running full pipeline for 15906604-DS-2 (5631 chars)...
  done in 3.8 min -- 9/145 entities from the gazetteer fallback
  running full pipeline for 14809657-DS-15 (5813 chars)...
ℹ️ 2/2 relations in 14809657-DS-15 had at least one unlinked endpoint.
  done in 2.9 min -- 1/91 entities from the gazetteer fallback
  running full pipeline for 19015466-DS-9 (5881 chars)...
ℹ️ 2/3 relations in 19015466-DS-9 had at least one unlinked endpoint.
  done in 2.2 min -- 4/91 entities from the gazetteer fallback
  running full pipeline for 19884924-DS-14 (6182 chars)...
  done in 3.7 min -- 3/133 entities from the gazetteer fallback

gazetteer contribution by note: {'15285988-DS-7': (0, 83), '15906604-DS-2': (9, 145), '14809657-DS-15': (1, 91), '19015466-DS-9': (4, 91), '19884924-DS-14': (3, 133)}
total gazetteer-recovered entities: 17

calibrator: fitted
[note 1/5] 15285988-DS-7: 68 total, 30 to grade (capped at 30/note)
  [1.9m] 10 processed so far...
  [3.1m] 20 processed so far...
  [4.2m] 30 processed so far...
[note 2/5] 15906604-DS-2: 103 total, 30 to grade (capped at 30/note)
  [5.7m] 40 processed so far...
  [6.7m] 50 processed so far...
  [7.0m] 60 processed so far...
[note 3/5] 14809657-DS-15: 73 total, 30 to grade (capped at 30/note)
  [8.2m] 70 processed so far...
  [9.5m] 80 processed so far...
  [10.9m] 90 processed so far...
[note 4/5] 19015466-DS-9: 70 total, 30 to grade (capped at 30/note)
  [12.1m] 100 processed so far...
  [13.1m] 110 processed so far...
  [13.3m] 120 processed so far...
[note 5/5] 19884924-DS-14: 97 total, 30 to grade (capped at 30/note)
  [14.4m] 130 processed so far...
  [15.4m] 140 processed so far...
  [15.8m] 150 processed so far...

done: 150 processed, 0 errors, 15.9 min total
